******************************************************************************
                  TI ARM Linker PC v20.2.7                     
******************************************************************************
>> Linked Fri Nov  1 13:12:57 2024

OUTPUT FILE NAME:   <I2C_Master.out>
ENTRY POINT SYMBOL: "_c_int00_noargs"  address: 000028b9


MEMORY CONFIGURATION

         name            origin    length      used     unused   attr    fill
----------------------  --------  ---------  --------  --------  ----  --------
  FLASH                 00000000   00040000  00002e74  0003d18c  R  X
  SRAM                  20000000   00008000  0000046c  00007b94  RW X


SEGMENT ALLOCATION MAP

run origin  load origin   length   init length attrs members
----------  ----------- ---------- ----------- ----- -------
00000000    00000000    00002e74   00002e74    r-x
  00000000    00000000    0000026c   0000026c    r-- .intvecs
  0000026c    0000026c    000026d0   000026d0    r-x .text
  0000293c    0000293c    00000524   00000524    r-- .const
  00002e60    00002e60    00000014   00000014    r-- .cinit
20000000    20000000    00000470   00000000    rw-
  20000000    20000000    0000026c   00000000    rw- .vtable
  20000270    20000270    00000200   00000000    rw- .stack


SECTION ALLOCATION MAP

 output                                  attributes/
section   page    origin      length       input sections
--------  ----  ----------  ----------   ----------------
.intvecs   0    00000000    0000026c     
                  00000000    0000026c     tm4c123gh6pm_startup_ccs.obj (.intvecs)

.text      0    0000026c    000026d0     
                  0000026c    00000f80     sysctl.obj (.text)
                  000011ec    00000c14     gpio.obj (.text)
                  00001e00    000006f8     i2c.obj (.text)
                  000024f8    0000016c     TWI.obj (.text)
                  00002664    0000010c     main.obj (.text)
                  00002770    00000068     driverlib.lib : interrupt.obj (.text:IntDisable)
                  000027d8    00000068                   : interrupt.obj (.text:IntEnable)
                  00002840    00000044     rtsv7M4_T_le_v4SPD16_eabi.lib : autoinit.c.obj (.text:__TI_auto_init_nobinit_nopinit:__TI_auto_init_nobinit_nopinit)
                  00002884    00000034     driverlib.lib : interrupt.obj (.text:IntRegister)
                  000028b8    00000034     rtsv7M4_T_le_v4SPD16_eabi.lib : boot_cortex_m.c.obj (.text:_c_int00_noargs:_c_int00_noargs)
                  000028ec    0000001c                                   : copy_zero_init.c.obj (.text:decompress:ZI:__TI_zero_init_nomemset:__TI_zero_init_nomemset)
                  00002908    00000014     driverlib.lib : interrupt.obj (.text:IntUnregister)
                  0000291c    0000000c     tm4c123gh6pm_startup_ccs.obj (.text)
                  00002928    00000006     sysctl.obj (.text:SysCtlDelay)
                  0000292e    00000004     driverlib.lib : cpu.obj (.text:CPUwfi)
                  00002932    00000004     rtsv7M4_T_le_v4SPD16_eabi.lib : pre_init.c.obj (.text:_system_pre_init)
                  00002936    00000004                                   : exit.c.obj (.text:abort:abort)
                  0000293a    00000002     driverlib.lib : interrupt.obj (.text:_IntDefaultHandler)

.const     0    0000293c    00000524     
                  0000293c    000001b0     sysctl.obj (.const:g_pppui32XTALtoVCO)
                  00002aec    000000d8     gpio.obj (.const:g_ppui32GPIOIntMapSnowflake)
                  00002bc4    000000c0     gpio.obj (.const:g_ppui32GPIOIntMapBlizzard)
                  00002c84    00000090     gpio.obj (.const:g_pui32GPIOBaseAddrs)
                  00002d14    0000006c     sysctl.obj (.const:g_pui32Xtals)
                  00002d80    00000050     i2c.obj (.const:g_ppui32I2CIntMapSnowflake)
                  00002dd0    00000030     i2c.obj (.const:g_ppui32I2CIntMap)
                  00002e00    00000030     sysctl.obj (.const:g_sXTALtoMEMTIM)
                  00002e30    00000014     driverlib.lib : interrupt.obj (.const:g_pui32Dii16Regs)
                  00002e44    00000014                   : interrupt.obj (.const:g_pui32EnRegs)
                  00002e58    00000008     sysctl.obj (.const:g_pui32VCOFrequencies)

.cinit     0    00002e60    00000014     
                  00002e60    00000008     (.cinit..vtable.load) [load image, compression = zero_init]
                  00002e68    00000004     (__TI_handler_table)
                  00002e6c    00000008     (__TI_cinit_table)

.init_array 
*          0    00000000    00000000     UNINITIALIZED

.vtable    0    20000000    0000026c     UNINITIALIZED
                  20000000    0000026c     driverlib.lib : interrupt.obj (.vtable)

.stack     0    20000270    00000200     UNINITIALIZED
                  20000270    00000004     rtsv7M4_T_le_v4SPD16_eabi.lib : boot_cortex_m.c.obj (.stack)
                  20000274    000001fc     --HOLE--

__llvm_prf_cnts 
*          0    20000000    00000000     UNINITIALIZED

MODULE SUMMARY

       Module                         code   ro data   rw data
       ------                         ----   -------   -------
    .\
       sysctl.obj                     3974   596       0      
       gpio.obj                       3092   552       0      
       i2c.obj                        1784   128       0      
       tm4c123gh6pm_startup_ccs.obj   12     620       0      
       TWI.obj                        364    0         0      
       main.obj                       268    0         0      
    +--+------------------------------+------+---------+---------+
       Total:                         9494   1896      0      
                                                              
    ../driverlib.lib
       interrupt.obj                  282    40        620    
       cpu.obj                        4      0         0      
    +--+------------------------------+------+---------+---------+
       Total:                         286    40        620    
                                                              
    C:\ti\ccs1281\ccs\tools\compiler\ti-cgt-arm_20.2.7.LTS\lib\rtsv7M4_T_le_v4SPD16_eabi.lib
       autoinit.c.obj                 68     0         0      
       boot_cortex_m.c.obj            52     0         0      
       copy_zero_init.c.obj           28     0         0      
       exit.c.obj                     4      0         0      
       pre_init.c.obj                 4      0         0      
    +--+------------------------------+------+---------+---------+
       Total:                         156    0         0      
                                                              
       Stack:                         0      0         512    
       Linker Generated:              0      20        0      
    +--+------------------------------+------+---------+---------+
       Grand Total:                   9936   1956      1132   


LINKER GENERATED COPY TABLES

__TI_cinit_table @ 00002e6c records: 1, size/record: 8, table size: 8
	.vtable: load addr=00002e60, load size=00000008 bytes, run addr=20000000, run size=0000026c bytes, compression=zero_init


LINKER GENERATED HANDLER TABLE

__TI_handler_table @ 00002e68 records: 1, size/record: 4, table size: 4
	index: 0, handler: __TI_zero_init


GLOBAL SYMBOLS: SORTED ALPHABETICALLY BY Name 

address   name                            
-------   ----                            
00002937  C$$EXIT                         
0000292f  CPUwfi                          
00001db1  GPIOADCTriggerDisable           
00001d93  GPIOADCTriggerEnable            
00001d75  GPIODMATriggerDisable           
00001d57  GPIODMATriggerEnable            
000012a7  GPIODirModeGet                  
0000124b  GPIODirModeSet                  
00001861  GPIOIntClear                    
00001825  GPIOIntDisable                  
00001801  GPIOIntEnable                   
00001875  GPIOIntRegister                 
000018ad  GPIOIntRegisterPin              
0000183f  GPIOIntStatus                   
00001397  GPIOIntTypeGet                  
000012f3  GPIOIntTypeSet                  
00001893  GPIOIntUnregister               
000018db  GPIOIntUnregisterPin            
0000168f  GPIOPadConfigGet                
00001421  GPIOPadConfigSet                
00001cf9  GPIOPinConfigure                
000018ff  GPIOPinRead                     
00001937  GPIOPinTypeADC                  
0000195b  GPIOPinTypeCAN                  
0000197f  GPIOPinTypeComparator           
000019a3  GPIOPinTypeComparatorOutput     
000019c7  GPIOPinTypeDIVSCLK              
000019eb  GPIOPinTypeEPI                  
00001a0f  GPIOPinTypeEthernetLED          
00001a33  GPIOPinTypeEthernetMII          
00001a57  GPIOPinTypeGPIOInput            
00001a7b  GPIOPinTypeGPIOOutput           
00001aa5  GPIOPinTypeGPIOOutputOD         
00001ac9  GPIOPinTypeHibernateRTCCLK      
00001aed  GPIOPinTypeI2C                  
00001b11  GPIOPinTypeI2CSCL               
00001b35  GPIOPinTypeLCD                  
00001b59  GPIOPinTypeOneWire              
00001b7d  GPIOPinTypePWM                  
00001ba1  GPIOPinTypeQEI                  
00001bc5  GPIOPinTypeSSI                  
00001be9  GPIOPinTypeTimer                
00001c0d  GPIOPinTypeTrace                
00001c31  GPIOPinTypeUART                 
00001c55  GPIOPinTypeUSBAnalog            
00001c79  GPIOPinTypeUSBDigital           
00001c9d  GPIOPinTypeWakeHigh             
00001cc3  GPIOPinTypeWakeLow              
00001ce9  GPIOPinWakeStatus               
00001917  GPIOPinWrite                    
00001dcf  GPIOUnlockPin                   
000023f7  I2CFIFODataGet                  
00002411  I2CFIFODataGetNonBlocking       
000023ad  I2CFIFODataPut                  
000023cf  I2CFIFODataPutNonBlocking       
0000239d  I2CFIFOStatus                   
00001f91  I2CIntRegister                  
00001faf  I2CIntUnregister                
000024d3  I2CLoopbackEnable               
0000244d  I2CMasterBurstCountGet          
00002437  I2CMasterBurstLengthSet         
000021f5  I2CMasterBusBusy                
000021dd  I2CMasterBusy                   
0000220d  I2CMasterControl                
00002261  I2CMasterDataGet                
0000224b  I2CMasterDataPut                
00001f5d  I2CMasterDisable                
00001f29  I2CMasterEnable                 
0000221f  I2CMasterErr                    
0000245b  I2CMasterGlitchFilterConfigSet  
00001e5f  I2CMasterInitExpClk             
00002157  I2CMasterIntClear               
00002175  I2CMasterIntClearEx             
00002023  I2CMasterIntDisable             
00002033  I2CMasterIntDisableEx           
00001fc9  I2CMasterIntEnable              
00001fd9  I2CMasterIntEnableEx            
0000207d  I2CMasterIntStatus              
000020c1  I2CMasterIntStatusEx            
000021cf  I2CMasterLineStateGet           
000021ad  I2CMasterSlaveAddrSet           
0000226f  I2CMasterTimeoutSet             
0000235d  I2CRxFIFOConfigSet              
00002385  I2CRxFIFOFlush                  
00002281  I2CSlaveACKOverride             
000022b3  I2CSlaveACKValueSet             
00001eeb  I2CSlaveAddressSet              
0000230d  I2CSlaveDataGet                 
000022f5  I2CSlaveDataPut                 
00001f73  I2CSlaveDisable                 
00001f3f  I2CSlaveEnable                  
000024c1  I2CSlaveFIFODisable             
000024a9  I2CSlaveFIFOEnable              
00001ed1  I2CSlaveInit                    
00002187  I2CSlaveIntClear                
00002199  I2CSlaveIntClearEx              
0000204b  I2CSlaveIntDisable              
00002063  I2CSlaveIntDisableEx            
00001ff1  I2CSlaveIntEnable               
00002009  I2CSlaveIntEnableEx             
000020ed  I2CSlaveIntStatus               
00002135  I2CSlaveIntStatusEx             
000022e5  I2CSlaveStatus                  
0000231d  I2CTxFIFOConfigSet              
00002345  I2CTxFIFOFlush                  
0000258b  I2C_Read_Byte                   
0000262b  I2C_Slave_Read                  
0000254d  I2C_Write_Byte                  
000024f9  I2C_init_Master                 
000025e3  I2C_init_Slave                  
00002771  IntDisable                      
000027d9  IntEnable                       
00002885  IntRegister                     
00002909  IntUnregister                   
00002665  LEDConfig                       
0000291d  ResetISR                        
000011a9  SysCtlAltClkConfig              
000008d1  SysCtlClockFreqSet              
00000d99  SysCtlClockGet                  
0000118d  SysCtlClockOutConfig            
00000bc9  SysCtlClockSet                  
000007d5  SysCtlDeepSleep                 
00000f5d  SysCtlDeepSleepClockConfigSet   
00000f3f  SysCtlDeepSleepClockSet         
000007b5  SysCtlDeepSleepPowerSet         
00002929  SysCtlDelay                     
00000363  SysCtlFlashSectorSizeGet        
00000337  SysCtlFlashSizeGet              
00001033  SysCtlGPIOAHBDisable            
00001017  SysCtlGPIOAHBEnable             
00000749  SysCtlIntClear                  
00000731  SysCtlIntDisable                
0000071d  SysCtlIntEnable                 
000006f5  SysCtlIntRegister               
00000759  SysCtlIntStatus                 
0000070d  SysCtlIntUnregister             
0000079b  SysCtlLDODeepSleepGet           
0000078b  SysCtlLDODeepSleepSet           
00000785  SysCtlLDOSleepGet               
00000775  SysCtlLDOSleepSet               
0000080b  SysCtlMOSCConfigSet             
00001171  SysCtlNMIClear                  
0000115d  SysCtlNMIStatus                 
00000821  SysCtlPIOSCCalibrate            
00001001  SysCtlPWMClockGet               
00000fe7  SysCtlPWMClockSet               
000006a1  SysCtlPeripheralClockGating     
00000659  SysCtlPeripheralDeepSleepDisable
00000609  SysCtlPeripheralDeepSleepEnable 
00000545  SysCtlPeripheralDisable         
00000509  SysCtlPeripheralEnable          
00000445  SysCtlPeripheralPowerOff        
00000409  SysCtlPeripheralPowerOn         
00000389  SysCtlPeripheralPresent         
000003c9  SysCtlPeripheralReady           
00000481  SysCtlPeripheralReset           
000005cd  SysCtlPeripheralSleepDisable    
00000589  SysCtlPeripheralSleepEnable     
000007c5  SysCtlReset                     
00000881  SysCtlResetBehaviorGet          
00000871  SysCtlResetBehaviorSet          
000007f7  SysCtlResetCauseClear           
000007f1  SysCtlResetCauseGet             
0000032d  SysCtlSRAMSizeGet               
000007cd  SysCtlSleep                     
000007a1  SysCtlSleepPowerSet             
0000105b  SysCtlUSBPLLDisable             
0000104f  SysCtlUSBPLLEnable              
000010a1  SysCtlVCOGet                    
00001089  SysCtlVoltageEventClear         
0000106d  SysCtlVoltageEventConfig        
0000107d  SysCtlVoltageEventStatus        
20000470  __STACK_END                     
00000200  __STACK_SIZE                    
20000470  __STACK_TOP                     
00002e6c  __TI_CINIT_Base                 
00002e74  __TI_CINIT_Limit                
00002e68  __TI_Handler_Table_Base         
00002e6c  __TI_Handler_Table_Limit        
00002841  __TI_auto_init_nobinit_nopinit  
ffffffff  __TI_pprof_out_hndl             
ffffffff  __TI_prof_data_size             
ffffffff  __TI_prof_data_start            
00000000  __TI_static_base__              
000028ed  __TI_zero_init_nomemset         
ffffffff  __binit__                       
ffffffff  __c_args__                      
UNDEFED   __mpu_init                      
20000270  __stack                         
20000000  __start___llvm_prf_cnts         
20000000  __stop___llvm_prf_cnts          
000028b9  _c_int00_noargs                 
UNDEFED   _system_post_cinit              
00002933  _system_pre_init                
00002937  abort                           
ffffffff  binit                           
20000000  g_pfnRAMVectors                 
00000000  g_pfnVectors                    
000026a1  main                            


GLOBAL SYMBOLS: SORTED BY Symbol Address 

address   name                            
-------   ----                            
00000000  __TI_static_base__              
00000000  g_pfnVectors                    
00000200  __STACK_SIZE                    
0000032d  SysCtlSRAMSizeGet               
00000337  SysCtlFlashSizeGet              
00000363  SysCtlFlashSectorSizeGet        
00000389  SysCtlPeripheralPresent         
000003c9  SysCtlPeripheralReady           
00000409  SysCtlPeripheralPowerOn         
00000445  SysCtlPeripheralPowerOff        
00000481  SysCtlPeripheralReset           
00000509  SysCtlPeripheralEnable          
00000545  SysCtlPeripheralDisable         
00000589  SysCtlPeripheralSleepEnable     
000005cd  SysCtlPeripheralSleepDisable    
00000609  SysCtlPeripheralDeepSleepEnable 
00000659  SysCtlPeripheralDeepSleepDisable
000006a1  SysCtlPeripheralClockGating     
000006f5  SysCtlIntRegister               
0000070d  SysCtlIntUnregister             
0000071d  SysCtlIntEnable                 
00000731  SysCtlIntDisable                
00000749  SysCtlIntClear                  
00000759  SysCtlIntStatus                 
00000775  SysCtlLDOSleepSet               
00000785  SysCtlLDOSleepGet               
0000078b  SysCtlLDODeepSleepSet           
0000079b  SysCtlLDODeepSleepGet           
000007a1  SysCtlSleepPowerSet             
000007b5  SysCtlDeepSleepPowerSet         
000007c5  SysCtlReset                     
000007cd  SysCtlSleep                     
000007d5  SysCtlDeepSleep                 
000007f1  SysCtlResetCauseGet             
000007f7  SysCtlResetCauseClear           
0000080b  SysCtlMOSCConfigSet             
00000821  SysCtlPIOSCCalibrate            
00000871  SysCtlResetBehaviorSet          
00000881  SysCtlResetBehaviorGet          
000008d1  SysCtlClockFreqSet              
00000bc9  SysCtlClockSet                  
00000d99  SysCtlClockGet                  
00000f3f  SysCtlDeepSleepClockSet         
00000f5d  SysCtlDeepSleepClockConfigSet   
00000fe7  SysCtlPWMClockSet               
00001001  SysCtlPWMClockGet               
00001017  SysCtlGPIOAHBEnable             
00001033  SysCtlGPIOAHBDisable            
0000104f  SysCtlUSBPLLEnable              
0000105b  SysCtlUSBPLLDisable             
0000106d  SysCtlVoltageEventConfig        
0000107d  SysCtlVoltageEventStatus        
00001089  SysCtlVoltageEventClear         
000010a1  SysCtlVCOGet                    
0000115d  SysCtlNMIStatus                 
00001171  SysCtlNMIClear                  
0000118d  SysCtlClockOutConfig            
000011a9  SysCtlAltClkConfig              
0000124b  GPIODirModeSet                  
000012a7  GPIODirModeGet                  
000012f3  GPIOIntTypeSet                  
00001397  GPIOIntTypeGet                  
00001421  GPIOPadConfigSet                
0000168f  GPIOPadConfigGet                
00001801  GPIOIntEnable                   
00001825  GPIOIntDisable                  
0000183f  GPIOIntStatus                   
00001861  GPIOIntClear                    
00001875  GPIOIntRegister                 
00001893  GPIOIntUnregister               
000018ad  GPIOIntRegisterPin              
000018db  GPIOIntUnregisterPin            
000018ff  GPIOPinRead                     
00001917  GPIOPinWrite                    
00001937  GPIOPinTypeADC                  
0000195b  GPIOPinTypeCAN                  
0000197f  GPIOPinTypeComparator           
000019a3  GPIOPinTypeComparatorOutput     
000019c7  GPIOPinTypeDIVSCLK              
000019eb  GPIOPinTypeEPI                  
00001a0f  GPIOPinTypeEthernetLED          
00001a33  GPIOPinTypeEthernetMII          
00001a57  GPIOPinTypeGPIOInput            
00001a7b  GPIOPinTypeGPIOOutput           
00001aa5  GPIOPinTypeGPIOOutputOD         
00001ac9  GPIOPinTypeHibernateRTCCLK      
00001aed  GPIOPinTypeI2C                  
00001b11  GPIOPinTypeI2CSCL               
00001b35  GPIOPinTypeLCD                  
00001b59  GPIOPinTypeOneWire              
00001b7d  GPIOPinTypePWM                  
00001ba1  GPIOPinTypeQEI                  
00001bc5  GPIOPinTypeSSI                  
00001be9  GPIOPinTypeTimer                
00001c0d  GPIOPinTypeTrace                
00001c31  GPIOPinTypeUART                 
00001c55  GPIOPinTypeUSBAnalog            
00001c79  GPIOPinTypeUSBDigital           
00001c9d  GPIOPinTypeWakeHigh             
00001cc3  GPIOPinTypeWakeLow              
00001ce9  GPIOPinWakeStatus               
00001cf9  GPIOPinConfigure                
00001d57  GPIODMATriggerEnable            
00001d75  GPIODMATriggerDisable           
00001d93  GPIOADCTriggerEnable            
00001db1  GPIOADCTriggerDisable           
00001dcf  GPIOUnlockPin                   
00001e5f  I2CMasterInitExpClk             
00001ed1  I2CSlaveInit                    
00001eeb  I2CSlaveAddressSet              
00001f29  I2CMasterEnable                 
00001f3f  I2CSlaveEnable                  
00001f5d  I2CMasterDisable                
00001f73  I2CSlaveDisable                 
00001f91  I2CIntRegister                  
00001faf  I2CIntUnregister                
00001fc9  I2CMasterIntEnable              
00001fd9  I2CMasterIntEnableEx            
00001ff1  I2CSlaveIntEnable               
00002009  I2CSlaveIntEnableEx             
00002023  I2CMasterIntDisable             
00002033  I2CMasterIntDisableEx           
0000204b  I2CSlaveIntDisable              
00002063  I2CSlaveIntDisableEx            
0000207d  I2CMasterIntStatus              
000020c1  I2CMasterIntStatusEx            
000020ed  I2CSlaveIntStatus               
00002135  I2CSlaveIntStatusEx             
00002157  I2CMasterIntClear               
00002175  I2CMasterIntClearEx             
00002187  I2CSlaveIntClear                
00002199  I2CSlaveIntClearEx              
000021ad  I2CMasterSlaveAddrSet           
000021cf  I2CMasterLineStateGet           
000021dd  I2CMasterBusy                   
000021f5  I2CMasterBusBusy                
0000220d  I2CMasterControl                
0000221f  I2CMasterErr                    
0000224b  I2CMasterDataPut                
00002261  I2CMasterDataGet                
0000226f  I2CMasterTimeoutSet             
00002281  I2CSlaveACKOverride             
000022b3  I2CSlaveACKValueSet             
000022e5  I2CSlaveStatus                  
000022f5  I2CSlaveDataPut                 
0000230d  I2CSlaveDataGet                 
0000231d  I2CTxFIFOConfigSet              
00002345  I2CTxFIFOFlush                  
0000235d  I2CRxFIFOConfigSet              
00002385  I2CRxFIFOFlush                  
0000239d  I2CFIFOStatus                   
000023ad  I2CFIFODataPut                  
000023cf  I2CFIFODataPutNonBlocking       
000023f7  I2CFIFODataGet                  
00002411  I2CFIFODataGetNonBlocking       
00002437  I2CMasterBurstLengthSet         
0000244d  I2CMasterBurstCountGet          
0000245b  I2CMasterGlitchFilterConfigSet  
000024a9  I2CSlaveFIFOEnable              
000024c1  I2CSlaveFIFODisable             
000024d3  I2CLoopbackEnable               
000024f9  I2C_init_Master                 
0000254d  I2C_Write_Byte                  
0000258b  I2C_Read_Byte                   
000025e3  I2C_init_Slave                  
0000262b  I2C_Slave_Read                  
00002665  LEDConfig                       
000026a1  main                            
00002771  IntDisable                      
000027d9  IntEnable                       
00002841  __TI_auto_init_nobinit_nopinit  
00002885  IntRegister                     
000028b9  _c_int00_noargs                 
000028ed  __TI_zero_init_nomemset         
00002909  IntUnregister                   
0000291d  ResetISR                        
00002929  SysCtlDelay                     
0000292f  CPUwfi                          
00002933  _system_pre_init                
00002937  C$$EXIT                         
00002937  abort                           
00002e68  __TI_Handler_Table_Base         
00002e6c  __TI_CINIT_Base                 
00002e6c  __TI_Handler_Table_Limit        
00002e74  __TI_CINIT_Limit                
20000000  __start___llvm_prf_cnts         
20000000  __stop___llvm_prf_cnts          
20000000  g_pfnRAMVectors                 
20000270  __stack                         
20000470  __STACK_END                     
20000470  __STACK_TOP                     
ffffffff  __TI_pprof_out_hndl             
ffffffff  __TI_prof_data_size             
ffffffff  __TI_prof_data_start            
ffffffff  __binit__                       
ffffffff  __c_args__                      
ffffffff  binit                           
UNDEFED   __mpu_init                      
UNDEFED   _system_post_cinit              

[199 symbols]
